
> pipnosis-ai-trading@1.0.0 build
> vite build

vite v5.4.19 building for production...
transforming...
✓ 1664 modules transformed.
Generated an empty chunk: "metaapi".
rendering chunks...
computing gzip size...
dist/index.html                     0.80 kB │ gzip:   0.39 kB
dist/assets/index-B6IDRRkC.css     65.04 kB │ gzip:  10.47 kB
dist/assets/metaapi-l0sNRNKZ.js     0.00 kB │ gzip:   0.02 kB
dist/assets/ui-kc3c2H9X.js         13.67 kB │ gzip:   4.89 kB
dist/assets/router-Boa-EHAM.js     17.47 kB │ gzip:   6.59 kB
dist/assets/supabase-BlBoKBl_.js  118.22 kB │ gzip:  31.38 kB
dist/assets/vendor-DErknhP1.js    140.26 kB │ gzip:  44.99 kB
dist/assets/index-BTsUk5Cf.js     753.27 kB │ gzip: 191.61 kB
✓ built in 15.91s
